// Jest Snapshot v1, https://goo.gl/fbAQLP

exports[`MainContent Component Should render with store 1`] = `
<div
  className="mt-5 md:mt-8 xl:mt-16 grid grid-cols-3 gap-5 md:gap-8 xl:gap-10"
>
  <div
    className="text-md font-bold"
  >
    No Have Item
  </div>
</div>
`;
